../Core/Src/main.c:76:6:ritarda	16	static
../Core/Src/main.c:82:6:invia_dati	104	static
../Core/Src/main.c:89:6:aggiorna_led	32	static
../Core/Src/main.c:103:6:set_pin_output	40	static
../Core/Src/main.c:112:6:set_pin_input	40	static
../Core/Src/main.c:121:6:inizio_DHT11	8	static
../Core/Src/main.c:131:9:controlla_risposta_DHT11	16	static
../Core/Src/main.c:146:9:leggi_DHT11	16	static
../Core/Src/main.c:169:5:main	16	static
../Core/Src/main.c:228:6:SystemClock_Config	128	static
../Core/Src/main.c:275:13:MX_TIM2_Init	64	static
../Core/Src/main.c:334:13:MX_TIM6_Init	24	static
../Core/Src/main.c:372:13:MX_TIM7_Init	24	static
../Core/Src/main.c:410:13:MX_GPIO_Init	48	static
../Core/Src/main.c:484:6:HAL_TIM_PeriodElapsedCallback	16	static
../Core/Src/main.c:518:6:Error_Handler	4	static,ignoring_inline_asm
